{
  "message": "Put",
  "status": {
    "code": 200,
    "details": []
  },
  "$type": "PutResponse",
  "WasExecuted": true
}
