{
  "$type": "ThreeDimensionalPoint",
  "Z": 0,
  "X": 0,
  "Y": 0
}
