{
  "$type": "PlatformRuntimeExecutionContext",
  "inputParameters": {
    "target": {
      "$type": "SystemObject",
      "apiVersion": "v1",
      "metadata": {}
    }
  },
  "outputParameters": {},
  "sharedVariables": {}
}
