{
  "$type": "PutRequest",
  "message": "Put",
  "inputParameters": {
    "target": {
      "$type": "SystemObject",
      "apiVersion": "v1",
      "metadata": {
        "name": "test",
        "namespace": "default"
      }
    }
  }
}
